// Jest Snapshot v1, https://goo.gl/fbAQLP

exports[`renders correctly 1`] = `
<button
  className="btn span-twobg-color"
  onClick={[Function]}
  type="button"
>
  1
</button>
`;