// Jest Snapshot v1, https://goo.gl/fbAQLP

exports[`renders homepage correctly 1`] = `
<section
  className="message"
>
  <h2>
    Welcome to our page!
  </h2>
  <p>
    It is my pleasure to welcome you to the world of mathematics where numbers come to live. We offer a variety of tools and collection of random computer quotes to entertain you. Our easy-to-use calculators are designed to help you understand and solve math concepts. So come on in and explore all that Math Magicians has to offer.
  </p>
</section>
`;