// Jest Snapshot v1, https://goo.gl/fbAQLP

exports[`renders homepage correctly 1`] = `
<div
  className="output"
>
  <div
    className="current-operand"
    data-testid="output"
  />
</div>
`;